<img src="http://posthtml.github.io/posthtml/logo.svg" alt="PostHTML" width="220" height="200" class="lazyload" loading="eager">
<img src="http://posthtml.github.io/posthtml/logo.svg" alt="PostHTML" width="220" height="200" class="no-lazyload">
